// Jest Snapshot v1, https://goo.gl/fbAQLP

exports[`store should have a store 1`] = `
Object {
  "cartReducer": Object {
    "cart": "",
  },
}
`;
